// 重构日志: 0d600d03
// 重构日志: e848704f
// 同步 ID: 141bcf81 @ Fri Jul 24 00:09:11 UTC 2026
// 重构日志: 1b42a32f
// 同步 ID: 89fcc1e3 @ Fri Jul 24 10:46:34 UTC 2026
// 同步 ID: b4384711 @ Fri Jul 24 12:22:38 UTC 2026
// 重构日志: 1a25de43
// 同步 ID: b26d8b51 @ Sat Jul 25 07:58:59 UTC 2026
// 同步 ID: c8d99e1f @ Sat Jul 25 09:22:41 UTC 2026
// 同步 ID: d86e53f7 @ Sat Jul 25 13:33:15 UTC 2026
// 重构日志: ff084eb9
// 重构日志: 641031bd
// 重构日志: 4663a076
// 重构日志: 22dc90d9
// 同步 ID: c65fcd3e @ Tue Jul 28 11:36:08 UTC 2026
// 同步 ID: d4672cb3 @ Tue Jul 28 23:43:18 UTC 2026
// 同步 ID: 27f50ab3 @ Wed Jul 29 17:33:12 UTC 2026
// 重构日志: c0e983e1
// 同步 ID: e7222db4 @ Sun Aug  2 01:30:48 UTC 2026
// 同步 ID: 4c6114b9 @ Sun Aug  2 05:24:47 UTC 2026
// 重构日志: c0bd077e
// 同步 ID: 03c5db54 @ Mon Aug  3 05:43:27 UTC 2026
// 同步 ID: 75a7fcb4 @ Tue Aug  4 15:09:14 UTC 2026
// 同步 ID: 5488593b @ Wed Aug  5 16:30:57 UTC 2026
// 同步 ID: c19a7955 @ Thu Aug  6 13:46:59 UTC 2026
// 重构日志: 6fecde34
// 重构日志: 0762fbbb
// 重构日志: 5ba24388
// 重构日志: 6d385bc9
// 同步 ID: 688dfb15 @ Sat Aug  8 04:35:18 UTC 2026
